// Vitest Snapshot v1, https://vitest.dev/guide/snapshot.html

exports[`HomePage matches snapshot 1`] = `
<div>
  <div
    class="flex min-h-screen flex-col bg-blue-50"
  >
    <div
      class="flex flex-grow items-center justify-center px-4 py-0 text-center"
    >
      <div>
        <h1
          class="text-2xl font-bold text-blue-900 md:text-4xl"
        >
          PUCito: La nueva forma de organizar tu estudio
        </h1>
        <p
          class="mx-auto mt-2 max-w-xl text-sm text-gray-700 md:text-base"
        >
          Conecta tu Canvas, registra tus horas de estudio y sigue tu progreso académico como nunca antes.
        </p>
        <div
          class="mt-4 flex flex-col justify-center gap-4 sm:flex-row"
        >
          <a
            class="rounded-xl bg-blue-600 px-6 py-3 text-white shadow-md hover:bg-blue-700"
            href="/canvasInfo"
          >
            Ver mis Cursos
          </a>
          <a
            class="rounded-xl border border-blue-600 px-6 py-3 text-blue-600 hover:bg-blue-100"
            href="/tracker"
          >
            Ir al Planificador
          </a>
        </div>
      </div>
    </div>
    <footer
      class="bg-blue-950 px-6 py-6 text-white"
    >
      <div
        class="mx-auto grid max-w-7xl grid-cols-1 gap-8 text-xs md:grid-cols-4"
      >
        <div>
          <h3
            class="mb-2 font-bold"
          >
            PUCito
          </h3>
          <p>
            Your trusted platform for studying across Canvas.
          </p>
          <div
            class="mt-3 flex gap-3"
          >
            <div
              class="h-5 w-5 rounded-full bg-white"
            />
            <div
              class="h-5 w-5 rounded-full bg-white"
            />
            <div
              class="h-5 w-5 rounded-full bg-white"
            />
          </div>
        </div>
        <div>
          <h4
            class="mb-2 font-semibold"
          >
            Support
          </h4>
          <ul
            class="space-y-1"
          >
            <li>
              Help Center
            </li>
            <li>
              Contact Us
            </li>
            <li>
              Privacy Policy
            </li>
            <li>
              Terms of Service
            </li>
          </ul>
        </div>
        <div>
          <h4
            class="mb-2 font-semibold"
          >
            Connect
          </h4>
          <ul
            class="space-y-1"
          >
            <li>
              Instagram
            </li>
            <li>
              Facebook
            </li>
            <li>
              Twitter
            </li>
          </ul>
        </div>
      </div>
      <div
        class="mt-4 text-center text-xs opacity-70"
      >
        © 2025 PUCito. All rights reserved.
      </div>
    </footer>
  </div>
</div>
`;
